<<<<<<< HEAD
96005
=======
94180
>>>>>>> e4d6147 (use custom sentinel storage)
