<<<<<<< HEAD
153358
=======
151252
>>>>>>> e4d6147 (use custom sentinel storage)
