<<<<<<< HEAD
307152
=======
300290
>>>>>>> e4d6147 (use custom sentinel storage)
