<<<<<<< HEAD
293760
=======
292026
>>>>>>> e4d6147 (use custom sentinel storage)
