<<<<<<< HEAD
275102
=======
273362
>>>>>>> e4d6147 (use custom sentinel storage)
