<<<<<<< HEAD
109692
=======
107565
>>>>>>> e4d6147 (use custom sentinel storage)
