<<<<<<< HEAD
124982
=======
122858
>>>>>>> e4d6147 (use custom sentinel storage)
