<<<<<<< HEAD
49720
=======
48096
>>>>>>> e4d6147 (use custom sentinel storage)
