<<<<<<< HEAD
49691
=======
48071
>>>>>>> e4d6147 (use custom sentinel storage)
