<<<<<<< HEAD
91502
=======
89915
>>>>>>> e4d6147 (use custom sentinel storage)
